// Jest Snapshot v1, https://goo.gl/fbAQLP

exports[`OnboardingScreen renders correctly 1`] = `
<RNCSafeAreaProvider
  onInsetsChange={[Function]}
  style={
    Array [
      Object {
        "flex": 1,
      },
      undefined,
    ]
  }
>
  <View
    collapsable={false}
    pointerEvents="box-none"
    style={
      Object {
        "flex": 1,
      }
    }
  >
    <RCTSafeAreaView
      style={
        Array [
          Object {
            "flex": 1,
          },
          Object {
            "backgroundColor": "rgba(255, 251, 254, 1)",
            "width": "100%",
          },
        ]
      }
    >
      <View
        style={
          Array [
            Object {
              "flex": 1,
            },
            Object {
              "margin": 16,
            },
            undefined,
          ]
        }
      >
        <Text
          style={
            Array [
              Object {
                "color": "rgba(28, 27, 31, 1)",
                "fontFamily": "System",
                "fontSize": 28,
                "fontWeight": "400",
                "letterSpacing": 0,
                "lineHeight": 36,
              },
              Object {
                "textAlign": "left",
              },
              Object {
                "writingDirection": "ltr",
              },
              undefined,
            ]
          }
        >
          Country of residence
        </Text>
        <Text
          style={
            Array [
              Object {
                "color": "rgba(28, 27, 31, 1)",
                "fontFamily": "System",
                "fontSize": 14,
                "fontWeight": "400",
                "letterSpacing": 0.25,
                "lineHeight": 20,
              },
              Object {
                "textAlign": "left",
              },
              Object {
                "writingDirection": "ltr",
              },
              undefined,
            ]
          }
        >
          Please add the country where your permanent address is located
        </Text>
        <View
          style={
            Object {
              "marginTop": 16,
            }
          }
        >
          <View
            style={
              Array [
                Object {
                  "marginBottom": 10,
                  "width": "100%",
                },
                undefined,
              ]
            }
          >
            <View
              style={
                Object {
                  "color": "#000",
                }
              }
            >
              <View
                pointerEvents="none"
                style={
                  Array [
                    Object {
                      "bottom": 0,
                      "left": 0,
                      "position": "absolute",
                      "right": 0,
                      "top": 6,
                    },
                    Object {
                      "backgroundColor": "#fff",
                      "borderColor": "black",
                      "borderRadius": 4,
                      "borderWidth": 1,
                    },
                    undefined,
                  ]
                }
                testID="text-input-outline"
              />
              <View>
                <View
                  style={
                    Array [
                      Object {
                        "paddingBottom": 0,
                      },
                      Object {
                        "minHeight": 56,
                        "paddingTop": 8,
                      },
                    ]
                  }
                >
                  <View
                    collapsable={false}
                    pointerEvents="none"
                    style={
                      Object {
                        "bottom": 0,
                        "left": 0,
                        "opacity": 0,
                        "position": "absolute",
                        "right": 0,
                        "top": 0,
                        "transform": Array [
                          Object {
                            "translateX": 3,
                          },
                        ],
                        "zIndex": 3,
                      }
                    }
                  >
                    <View
                      collapsable={false}
                      pointerEvents="none"
                      style={
                        Object {
                          "backgroundColor": "#fff",
                          "bottom": 4,
                          "left": 10,
                          "maxHeight": 2,
                          "opacity": 1,
                          "position": "absolute",
                          "right": 0,
                          "top": 6,
                          "transform": Array [
                            Object {
                              "translateX": -3,
                            },
                          ],
                          "width": 12,
                        }
                      }
                    />
                    <Text
                      collapsable={false}
                      maxFontSizeMultiplier={1.5}
                      numberOfLines={1}
                      style={
                        Object {
                          "backgroundColor": "#fff",
                          "color": "transparent",
                          "fontFamily": "System",
                          "fontSize": 16,
                          "fontWeight": undefined,
                          "left": 8,
                          "letterSpacing": 0.15,
                          "lineHeight": undefined,
                          "opacity": 1,
                          "paddingHorizontal": 0,
                          "position": "absolute",
                          "textAlign": "left",
                          "top": 33,
                          "transform": Array [
                            Object {
                              "translateX": 0,
                            },
                            Object {
                              "translateY": -26,
                            },
                            Object {
                              "scale": 0.75,
                            },
                            Object {
                              "scaleY": 0.2,
                            },
                          ],
                          "width": -16,
                          "writingDirection": "ltr",
                        }
                      }
                    >
                      Country
                    </Text>
                    <Text
                      collapsable={false}
                      maxFontSizeMultiplier={1.5}
                      numberOfLines={1}
                      onLayout={[Function]}
                      style={
                        Object {
                          "color": "black",
                          "fontFamily": "System",
                          "fontSize": 16,
                          "fontWeight": undefined,
                          "left": 0,
                          "letterSpacing": 0.15,
                          "lineHeight": undefined,
                          "opacity": 0,
                          "paddingHorizontal": 16,
                          "position": "absolute",
                          "textAlign": "left",
                          "top": 32,
                          "transform": Array [
                            Object {
                              "translateX": 0,
                            },
                            Object {
                              "translateY": -26,
                            },
                            Object {
                              "scale": 0.75,
                            },
                          ],
                          "writingDirection": "ltr",
                        }
                      }
                      testID="text-input-outlined-label-active"
                    >
                      Country
                    </Text>
                    <Text
                      collapsable={false}
                      maxFontSizeMultiplier={1.5}
                      numberOfLines={1}
                      style={
                        Object {
                          "color": "rgba(73, 69, 79, 1)",
                          "fontFamily": "System",
                          "fontSize": 16,
                          "fontWeight": undefined,
                          "left": 0,
                          "letterSpacing": 0.15,
                          "lineHeight": undefined,
                          "opacity": 0,
                          "paddingHorizontal": 16,
                          "position": "absolute",
                          "textAlign": "left",
                          "top": 32,
                          "transform": Array [
                            Object {
                              "translateX": 0,
                            },
                            Object {
                              "translateY": -26,
                            },
                            Object {
                              "scale": 0.75,
                            },
                          ],
                          "writingDirection": "ltr",
                        }
                      }
                      testID="text-input-outlined-label-inactive"
                    >
                      Country
                    </Text>
                  </View>
                  <TextInput
                    activeUnderlineColor="black"
                    editable={true}
                    maxFontSizeMultiplier={1.5}
                    multiline={false}
                    onBlur={[Function]}
                    onChangeText={[Function]}
                    onFocus={[Function]}
                    placeholder=" "
                    placeholderTextColor="rgba(73, 69, 79, 1)"
                    selectionColor="black"
                    showSoftInputOnFocus={false}
                    style={
                      Array [
                        Object {
                          "margin": 0,
                          "zIndex": 1,
                        },
                        Object {
                          "height": 48,
                        },
                        Object {
                          "paddingBottom": 0,
                          "paddingTop": 0,
                        },
                        Object {
                          "color": "rgba(28, 27, 31, 1)",
                          "fontFamily": "System",
                          "fontSize": 16,
                          "fontWeight": undefined,
                          "letterSpacing": 0.15,
                          "lineHeight": undefined,
                          "paddingHorizontal": 16,
                          "textAlign": "left",
                          "textAlignVertical": "center",
                        },
                        false,
                        Object {
                          "marginRight": 56,
                          "paddingRight": 0,
                        },
                        undefined,
                      ]
                    }
                    testID="text-input-outlined"
                    underlineColorAndroid="transparent"
                    value="Pick your country"
                  />
                </View>
                <View
                  style={
                    Array [
                      Object {
                        "alignItems": "center",
                        "height": 24,
                        "justifyContent": "center",
                        "position": "absolute",
                        "width": 24,
                      },
                      Object {
                        "right": 16,
                        "top": 19,
                      },
                    ]
                  }
                >
                  <View
                    collapsable={false}
                    style={
                      Object {
                        "alignSelf": "center",
                        "bottom": 0,
                        "end": undefined,
                        "left": 0,
                        "position": "absolute",
                        "right": 0,
                        "shadowColor": "#000",
                        "shadowOffset": Object {
                          "height": 0,
                          "width": 0,
                        },
                        "shadowOpacity": 0,
                        "shadowRadius": 0,
                        "start": undefined,
                        "top": 0,
                      }
                    }
                  >
                    <View
                      collapsable={false}
                      style={
                        Object {
                          "shadowColor": "#000",
                          "shadowOffset": Object {
                            "height": 0,
                            "width": 0,
                          },
                          "shadowOpacity": 0,
                          "shadowRadius": 0,
                        }
                      }
                    >
                      <View
                        collapsable={false}
                        style={
                          Object {
                            "alignContent": "center",
                            "alignItems": "center",
                            "backgroundColor": undefined,
                            "borderColor": "rgba(121, 116, 126, 1)",
                            "borderRadius": 15.5,
                            "borderWidth": 0,
                            "elevation": 0,
                            "height": 31,
                            "justifyContent": "center",
                            "margin": 6,
                            "overflow": "hidden",
                            "width": 31,
                          }
                        }
                      >
                        <View
                          accessibilityComponentType="button"
                          accessibilityRole="button"
                          accessibilityState={
                            Object {
                              "disabled": false,
                            }
                          }
                          accessibilityTraits="button"
                          accessible={true}
                          centered={true}
                          collapsable={false}
                          focusable={true}
                          hitSlop={
                            Object {
                              "bottom": 6,
                              "left": 6,
                              "right": 6,
                              "top": 6,
                            }
                          }
                          name="chevron-down"
                          onBlur={[Function]}
                          onClick={[Function]}
                          onFocus={[Function]}
                          onResponderGrant={[Function]}
                          onResponderMove={[Function]}
                          onResponderRelease={[Function]}
                          onResponderTerminate={[Function]}
                          onResponderTerminationRequest={[Function]}
                          onStartShouldSetResponder={[Function]}
                          style={
                            Array [
                              Object {
                                "overflow": "hidden",
                              },
                              false,
                              Array [
                                Object {
                                  "alignItems": "center",
                                  "flexGrow": 1,
                                  "justifyContent": "center",
                                },
                                Object {
                                  "borderRadius": 15.5,
                                },
                              ],
                            ]
                          }
                          testID="right-icon-adornment"
                        />
                      </View>
                    </View>
                  </View>
                </View>
              </View>
            </View>
          </View>
          <View />
        </View>
        <View
          style={
            Object {
              "flex": 1,
            }
          }
        />
        <View
          collapsable={false}
          style={
            Object {
              "alignSelf": undefined,
              "bottom": undefined,
              "end": undefined,
              "left": undefined,
              "position": undefined,
              "right": undefined,
              "shadowColor": "#000",
              "shadowOffset": Object {
                "height": 0,
                "width": 0,
              },
              "shadowOpacity": 0,
              "shadowRadius": 0,
              "start": undefined,
              "top": undefined,
            }
          }
        >
          <View
            collapsable={false}
            style={
              Object {
                "shadowColor": "#000",
                "shadowOffset": Object {
                  "height": 0,
                  "width": 0,
                },
                "shadowOpacity": 0,
                "shadowRadius": 0,
              }
            }
          >
            <View
              collapsable={false}
              style={
                Object {
                  "backgroundColor": "rgba(28, 27, 31, 0.12)",
                  "borderColor": "transparent",
                  "borderRadius": 20,
                  "borderStyle": "solid",
                  "borderWidth": 0,
                  "minWidth": 64,
                }
              }
            >
              <View
                accessibilityRole="button"
                accessibilityState={
                  Object {
                    "disabled": true,
                  }
                }
                accessible={true}
                collapsable={false}
                focusable={true}
                onBlur={[Function]}
                onClick={[Function]}
                onFocus={[Function]}
                onResponderGrant={[Function]}
                onResponderMove={[Function]}
                onResponderRelease={[Function]}
                onResponderTerminate={[Function]}
                onResponderTerminationRequest={[Function]}
                onStartShouldSetResponder={[Function]}
                style={
                  Array [
                    Object {
                      "overflow": "hidden",
                    },
                    false,
                    Object {
                      "borderRadius": 20,
                    },
                  ]
                }
                testID="onboarding_country_button"
              >
                <View
                  style={
                    Array [
                      Object {
                        "alignItems": "center",
                        "flexDirection": "row",
                        "justifyContent": "center",
                      },
                      undefined,
                    ]
                  }
                >
                  <Text
                    numberOfLines={1}
                    selectable={false}
                    style={
                      Array [
                        Object {
                          "color": "rgba(28, 27, 31, 1)",
                          "fontFamily": "System",
                          "fontSize": 14,
                          "fontWeight": "500",
                          "letterSpacing": 0.1,
                          "lineHeight": 20,
                        },
                        Object {
                          "textAlign": "left",
                        },
                        Object {
                          "writingDirection": "ltr",
                        },
                        Array [
                          Object {
                            "marginHorizontal": 16,
                            "marginVertical": 9,
                            "textAlign": "center",
                          },
                          false,
                          Object {
                            "marginHorizontal": 24,
                            "marginVertical": 10,
                          },
                          undefined,
                          false,
                          Object {
                            "color": "rgba(28, 27, 31, 0.38)",
                            "fontFamily": "System",
                            "fontSize": 14,
                            "fontWeight": "500",
                            "letterSpacing": 0.1,
                            "lineHeight": 20,
                          },
                          undefined,
                        ],
                      ]
                    }
                  >
                    Next
                  </Text>
                </View>
              </View>
            </View>
          </View>
        </View>
      </View>
    </RCTSafeAreaView>
  </View>
  <View
    collapsable={false}
    pointerEvents="box-none"
    style={
      Object {
        "bottom": 0,
        "left": 0,
        "position": "absolute",
        "right": 0,
        "top": 0,
      }
    }
  >
    <View
      accessibilityLiveRegion="polite"
      accessibilityViewIsModal={true}
      collapsable={false}
      onAccessibilityEscape={[Function]}
      pointerEvents="auto"
      style={
        Object {
          "bottom": 0,
          "left": 0,
          "position": "absolute",
          "right": 0,
          "top": 0,
        }
      }
      testID="modal"
    >
      <View
        accessibilityLabel="Close modal"
        accessibilityRole="button"
        accessibilityState={
          Object {
            "disabled": true,
          }
        }
        accessible={true}
        collapsable={false}
        focusable={false}
        importantForAccessibility="no"
        onClick={[Function]}
        onResponderGrant={[Function]}
        onResponderMove={[Function]}
        onResponderRelease={[Function]}
        onResponderTerminate={[Function]}
        onResponderTerminationRequest={[Function]}
        onStartShouldSetResponder={[Function]}
        style={
          Object {
            "backgroundColor": "rgba(50, 47, 55, 0.4)",
            "flex": 1,
            "opacity": 0,
          }
        }
        testID="modal-backdrop"
      />
      <View
        pointerEvents="box-none"
        style={
          Array [
            Object {
              "bottom": 0,
              "justifyContent": "center",
              "left": 0,
              "position": "absolute",
              "right": 0,
              "top": 0,
            },
            Object {
              "marginBottom": 0,
              "marginTop": 0,
            },
            Object {
              "alignItems": "center",
              "justifyContent": "center",
            },
          ]
        }
        testID="modal-wrapper"
      >
        <View
          collapsable={false}
          style={
            Object {
              "alignSelf": undefined,
              "bottom": undefined,
              "end": undefined,
              "left": undefined,
              "position": undefined,
              "right": undefined,
              "shadowColor": "#000",
              "shadowOffset": Object {
                "height": 1,
                "width": 0,
              },
              "shadowOpacity": 0.15,
              "shadowRadius": 3,
              "start": undefined,
              "top": undefined,
            }
          }
        >
          <View
            collapsable={false}
            style={
              Object {
                "shadowColor": "#000",
                "shadowOffset": Object {
                  "height": 1,
                  "width": 0,
                },
                "shadowOpacity": 0.3,
                "shadowRadius": 1,
              }
            }
          >
            <View
              collapsable={false}
              style={
                Object {
                  "backgroundColor": "transparent",
                  "justifyContent": "center",
                  "opacity": 0,
                }
              }
            >
              <View
                style={
                  Object {
                    "backgroundColor": "rgba(255, 251, 254, 1)",
                    "borderRadius": 32,
                    "paddingHorizontal": 64,
                    "paddingVertical": 32,
                  }
                }
              >
                <View
                  accessibilityRole="progressbar"
                  accessibilityState={
                    Object {
                      "busy": true,
                    }
                  }
                  accessible={true}
                  style={
                    Array [
                      Object {
                        "alignItems": "center",
                        "justifyContent": "center",
                      },
                      undefined,
                    ]
                  }
                >
                  <View
                    collapsable={false}
                    style={
                      Object {
                        "height": 24,
                        "opacity": 1,
                        "width": 24,
                      }
                    }
                  >
                    <View
                      collapsable={false}
                      style={
                        Object {
                          "alignItems": "center",
                          "bottom": 0,
                          "justifyContent": "center",
                          "left": 0,
                          "position": "absolute",
                          "right": 0,
                          "top": 0,
                        }
                      }
                    >
                      <View
                        collapsable={false}
                        style={
                          Object {
                            "height": 24,
                            "transform": Array [
                              Object {
                                "rotate": "45deg",
                              },
                            ],
                            "width": 24,
                          }
                        }
                      >
                        <View
                          collapsable={false}
                          style={
                            Object {
                              "height": 12,
                              "overflow": "hidden",
                              "width": 24,
                            }
                          }
                        >
                          <View
                            collapsable={false}
                            style={
                              Object {
                                "height": 24,
                                "transform": Array [
                                  Object {
                                    "translateY": 0,
                                  },
                                  Object {
                                    "rotate": "-165deg",
                                  },
                                ],
                                "width": 24,
                              }
                            }
                          >
                            <View
                              collapsable={false}
                              style={
                                Object {
                                  "height": 12,
                                  "overflow": "hidden",
                                  "width": 24,
                                }
                              }
                            >
                              <View
                                collapsable={false}
                                style={
                                  Object {
                                    "borderColor": "rgba(103, 80, 164, 1)",
                                    "borderRadius": 12,
                                    "borderWidth": 2.4,
                                    "height": 24,
                                    "width": 24,
                                  }
                                }
                              />
                            </View>
                          </View>
                        </View>
                      </View>
                    </View>
                    <View
                      collapsable={false}
                      style={
                        Object {
                          "alignItems": "center",
                          "bottom": 0,
                          "justifyContent": "center",
                          "left": 0,
                          "position": "absolute",
                          "right": 0,
                          "top": 0,
                        }
                      }
                    >
                      <View
                        collapsable={false}
                        style={
                          Object {
                            "height": 24,
                            "transform": Array [
                              Object {
                                "rotate": "45deg",
                              },
                            ],
                            "width": 24,
                          }
                        }
                      >
                        <View
                          collapsable={false}
                          style={
                            Object {
                              "height": 12,
                              "overflow": "hidden",
                              "top": 12,
                              "width": 24,
                            }
                          }
                        >
                          <View
                            collapsable={false}
                            style={
                              Object {
                                "height": 24,
                                "transform": Array [
                                  Object {
                                    "translateY": -12,
                                  },
                                  Object {
                                    "rotate": "345deg",
                                  },
                                ],
                                "width": 24,
                              }
                            }
                          >
                            <View
                              collapsable={false}
                              style={
                                Object {
                                  "height": 12,
                                  "overflow": "hidden",
                                  "width": 24,
                                }
                              }
                            >
                              <View
                                collapsable={false}
                                style={
                                  Object {
                                    "borderColor": "rgba(103, 80, 164, 1)",
                                    "borderRadius": 12,
                                    "borderWidth": 2.4,
                                    "height": 24,
                                    "width": 24,
                                  }
                                }
                              />
                            </View>
                          </View>
                        </View>
                      </View>
                    </View>
                  </View>
                </View>
              </View>
            </View>
          </View>
        </View>
      </View>
    </View>
  </View>
  <View
    collapsable={false}
    pointerEvents="box-none"
    style={
      Object {
        "bottom": 0,
        "left": 0,
        "position": "absolute",
        "right": 0,
        "top": 0,
      }
    }
  />
  <View
    collapsable={false}
    pointerEvents="box-none"
    style={
      Object {
        "bottom": 0,
        "left": 0,
        "position": "absolute",
        "right": 0,
        "top": 0,
      }
    }
  />
</RNCSafeAreaProvider>
`;
